// Vitest Snapshot v1, https://vitest.dev/guide/snapshot.html

exports[`button > matches snapshot 1`] = `
<a
  className="btn btn-primary m-3"
  href="test"
>
  Hello
</a>
`;
