// Vitest Snapshot v1, https://vitest.dev/guide/snapshot.html

exports[`link > matches snapshot 1`] = `
<a
  data-internal-link={true}
  href="test"
>
  example
</a>
`;

exports[`link > matches snapshot with / 1`] = `
<a
  data-external-link={true}
  href="/test"
  onClick={[Function]}
  onMouseEnter={[Function]}
>
  example 2
</a>
`;
